
> gyaan-setu@1.0.0 check:types
> tsc --pretty --noEmit

[96msrc/app/(course)/learn.tsx[0m:[93m83[0m:[93m11[0m - [91merror[0m[90m TS2322: [0mType '{ children: Element; variant: "ghost"; viewStyle: { padding: number; borderRadius: number; backgroundColor: string; }; }' is not assignable to type 'IntrinsicAttributes & ButtonProps'.
  Property 'viewStyle' does not exist on type 'IntrinsicAttributes & ButtonProps'.

[7m83[0m           viewStyle={{
[7m  [0m [91m          ~~~~~~~~~[0m

[96msrc/app/(guest)/welcome.tsx[0m:[93m83[0m:[93m20[0m - [91merror[0m[90m TS2741: [0mProperty 'onPress' is missing in type '{ children: string; variant: "outline"; }' but required in type 'ButtonProps'.

[7m83[0m                   <Button variant="outline">
[7m  [0m [91m                   ~~~~~~[0m

  [96msrc/components/ui/button.tsx[0m:[93m12[0m:[93m5[0m
    [7m12[0m     onPress: () => void;
    [7m  [0m [96m    ~~~~~~~[0m
    'onPress' is declared here.

[96msrc/app/(guest)/welcome.tsx[0m:[93m145[0m:[93m24[0m - [91merror[0m[90m TS2741: [0mProperty 'onPress' is missing in type '{ children: string; variant: "outline"; }' but required in type 'ButtonProps'.

[7m145[0m                       <Button variant="outline">
[7m   [0m [91m                       ~~~~~~[0m

  [96msrc/components/ui/button.tsx[0m:[93m12[0m:[93m5[0m
    [7m12[0m     onPress: () => void;
    [7m  [0m [96m    ~~~~~~~[0m
    'onPress' is declared here.

[96msrc/components/exercise/items/exercise-item-event.tsx[0m:[93m115[0m:[93m13[0m - [91merror[0m[90m TS2322: [0mType '{ children: string; onPress: () => void; viewStyle: { backgroundColor: string; }; textStyle: { color: string; }; }' is not assignable to type 'IntrinsicAttributes & ButtonProps'.
  Property 'viewStyle' does not exist on type 'IntrinsicAttributes & ButtonProps'.

[7m115[0m             viewStyle={{
[7m   [0m [91m            ~~~~~~~~~[0m

[96msrc/components/exercise/screens/exercise.tsx[0m:[93m12[0m:[93m24[0m - [91merror[0m[90m TS2307: [0mCannot find module '@/components/ui/dialog' or its corresponding type declarations.

[7m12[0m import { Dialog } from "@/components/ui/dialog";
[7m  [0m [91m                       ~~~~~~~~~~~~~~~~~~~~~~~~[0m

[96msrc/components/layouts/course-right-bar.tsx[0m:[93m113[0m:[93m12[0m - [91merror[0m[90m TS2741: [0mProperty 'onPress' is missing in type '{ children: string; }' but required in type 'ButtonProps'.

[7m113[0m           <Button>Create a profile</Button>
[7m   [0m [91m           ~~~~~~[0m

  [96msrc/components/ui/button.tsx[0m:[93m12[0m:[93m5[0m
    [7m12[0m     onPress: () => void;
    [7m  [0m [96m    ~~~~~~~[0m
    'onPress' is declared here.

[96msrc/components/layouts/course-right-bar.tsx[0m:[93m114[0m:[93m12[0m - [91merror[0m[90m TS2741: [0mProperty 'onPress' is missing in type '{ children: string; variant: "outline"; }' but required in type 'ButtonProps'.

[7m114[0m           <Button variant="outline">Sign in</Button>
[7m   [0m [91m           ~~~~~~[0m

  [96msrc/components/ui/button.tsx[0m:[93m12[0m:[93m5[0m
    [7m12[0m     onPress: () => void;
    [7m  [0m [96m    ~~~~~~~[0m
    'onPress' is declared here.

[96msrc/components/ui/Card.tsx[0m:[93m46[0m:[93m17[0m - [91merror[0m[90m TS2322: [0mType '{ type: "timing"; duration: number; }' is not assignable to type 'MotiTransitionProp<StyleValueWithReplacedTransforms<TextStyle | ViewStyle | ImageStyle>> | undefined'.
  Type '{ type: "timing"; duration: number; }' is not assignable to type '{ type: "timing"; } & TimingConfig & { delay?: number | undefined; } & { repeat?: number | undefined; loop?: boolean | undefined; repeatReverse?: boolean | undefined; } & Partial<...>'.
    Type '{ type: "timing"; duration: number; }' is not assignable to type 'Partial<Record<string | number | symbol, TransitionConfig>>'.
      Property 'type' is incompatible with index signature.
        Type '"timing"' is not assignable to type 'TransitionConfig | undefined'.

[7m46[0m                 transition={{ type: "timing", duration: 500 }}
[7m  [0m [91m                ~~~~~~~~~~[0m

  [96mnode_modules/moti/build/core/types.d.ts[0m:[93m238[0m:[93m5[0m
    [7m238[0m     transition?: MotiTransitionProp<AnimateWithTransforms>;
    [7m   [0m [96m    ~~~~~~~~~~[0m
    The expected type comes from property 'transition' which is declared here on type 'IntrinsicAttributes & ViewProps & { animatedProps?: Partial<ViewProps> | undefined; layout?: BaseAnimationBuilder | LayoutAnimationFunction | typeof BaseAnimationBuilder | undefined; entering?: BaseAnimationBuilder | ... 3 more ... | undefined; exiting?: BaseAnimationBuilder | ... 3 more ... | undefined; } & MotiPro...'

[96msrc/components/voice-assistant.tsx[0m:[93m13[0m:[93m24[0m - [91merror[0m[90m TS1261: [0mAlready included file name 'C:/Users/vedan/Dev/Gyaan_Setu/project/src/components/ui/button.tsx' differs from file name 'C:/Users/vedan/Dev/Gyaan_Setu/project/src/components/ui/Button.tsx' only in casing.
  The file is in the program because:
    Imported via "@/components/ui/button" from file 'C:/Users/vedan/Dev/Gyaan_Setu/project/src/components/voice-assistant.tsx'
    Imported via "@/components/ui/button" from file 'C:/Users/vedan/Dev/Gyaan_Setu/project/src/components/layouts/course-right-bar.tsx'
    Imported via "@/components/ui/button" from file 'C:/Users/vedan/Dev/Gyaan_Setu/project/src/components/lesson-item.tsx'
    Imported via "@/components/ui/button" from file 'C:/Users/vedan/Dev/Gyaan_Setu/project/src/app/(course)/learn.tsx'
    Imported via "@/components/ui/button" from file 'C:/Users/vedan/Dev/Gyaan_Setu/project/src/app/(guest)/welcome.tsx'
    Imported via "@/components/ui/button" from file 'C:/Users/vedan/Dev/Gyaan_Setu/project/src/components/exercise/items/exercise-item-event.tsx'
    Imported via "@/components/ui/button" from file 'C:/Users/vedan/Dev/Gyaan_Setu/project/src/components/exercise/screens/exercise-outro.tsx'
    Imported via "@/components/ui/button" from file 'C:/Users/vedan/Dev/Gyaan_Setu/project/src/components/exercise/screens/exercise.tsx'
    Imported via "@/components/ui/Button" from file 'C:/Users/vedan/Dev/Gyaan_Setu/project/src/features/learn/Dashboard.tsx'
    Imported via "@/components/ui/Button" from file 'C:/Users/vedan/Dev/Gyaan_Setu/project/src/features/profile/Profile.tsx'
    Imported via "@/components/ui/Button" from file 'C:/Users/vedan/Dev/Gyaan_Setu/project/src/features/ai-tutor/TutorChat.tsx'
    Matched by include pattern '**/*.tsx' in 'C:/Users/vedan/Dev/Gyaan_Setu/project/tsconfig.json'

[7m13[0m import { Button } from "@/components/ui/button";
[7m  [0m [91m                       ~~~~~~~~~~~~~~~~~~~~~~~~[0m

  [96msrc/components/layouts/course-right-bar.tsx[0m:[93m5[0m:[93m24[0m
    [7m5[0m import { Button } from "@/components/ui/button";
    [7m [0m [96m                       ~~~~~~~~~~~~~~~~~~~~~~~~[0m
    File is included via import here.
  [96msrc/components/lesson-item.tsx[0m:[93m8[0m:[93m24[0m
    [7m8[0m import { Button } from "@/components/ui/button";
    [7m [0m [96m                       ~~~~~~~~~~~~~~~~~~~~~~~~[0m
    File is included via import here.
  [96msrc/app/(course)/learn.tsx[0m:[93m9[0m:[93m24[0m
    [7m9[0m import { Button } from "@/components/ui/button";
    [7m [0m [96m                       ~~~~~~~~~~~~~~~~~~~~~~~~[0m
    File is included via import here.
  [96msrc/app/(guest)/welcome.tsx[0m:[93m9[0m:[93m24[0m
    [7m9[0m import { Button } from "@/components/ui/button";
    [7m [0m [96m                       ~~~~~~~~~~~~~~~~~~~~~~~~[0m
    File is included via import here.
  [96msrc/components/exercise/items/exercise-item-event.tsx[0m:[93m3[0m:[93m24[0m
    [7m3[0m import { Button } from "@/components/ui/button";
    [7m [0m [96m                       ~~~~~~~~~~~~~~~~~~~~~~~~[0m
    File is included via import here.
  [96msrc/components/exercise/screens/exercise-outro.tsx[0m:[93m8[0m:[93m24[0m
    [7m8[0m import { Button } from "@/components/ui/button";
    [7m [0m [96m                       ~~~~~~~~~~~~~~~~~~~~~~~~[0m
    File is included via import here.
  [96msrc/components/exercise/screens/exercise.tsx[0m:[93m11[0m:[93m24[0m
    [7m11[0m import { Button } from "@/components/ui/button";
    [7m  [0m [96m                       ~~~~~~~~~~~~~~~~~~~~~~~~[0m
    File is included via import here.
  [96msrc/features/learn/Dashboard.tsx[0m:[93m5[0m:[93m24[0m
    [7m5[0m import { Button } from "@/components/ui/Button";
    [7m [0m [96m                       ~~~~~~~~~~~~~~~~~~~~~~~~[0m
    File is included via import here.
  [96msrc/features/profile/Profile.tsx[0m:[93m6[0m:[93m24[0m
    [7m6[0m import { Button } from "@/components/ui/Button";
    [7m [0m [96m                       ~~~~~~~~~~~~~~~~~~~~~~~~[0m
    File is included via import here.
  [96msrc/features/ai-tutor/TutorChat.tsx[0m:[93m6[0m:[93m24[0m
    [7m6[0m import { Button } from "@/components/ui/Button";
    [7m [0m [96m                       ~~~~~~~~~~~~~~~~~~~~~~~~[0m
    File is included via import here.
  [96mtsconfig.json[0m:[93m14[0m:[93m5[0m
    [7m14[0m     "**/*.tsx",
    [7m  [0m [96m    ~~~~~~~~~~[0m
    File is matched by include pattern specified here.

[96msrc/components/voice-assistant.tsx[0m:[93m362[0m:[93m13[0m - [91merror[0m[90m TS2322: [0mType '{ children: Element; variant: "outline" | "ghost"; viewStyle: { paddingHorizontal: number; minWidth: number; }; onPress: () => void; }' is not assignable to type 'IntrinsicAttributes & ButtonProps'.
  Property 'viewStyle' does not exist on type 'IntrinsicAttributes & ButtonProps'.

[7m362[0m             viewStyle={{
[7m   [0m [91m            ~~~~~~~~~[0m

[96msrc/components/voice-assistant.tsx[0m:[93m394[0m:[93m13[0m - [91merror[0m[90m TS2322: [0mType '{ children: Element; onPress: () => Promise<void>; disabled: boolean; viewStyle: { paddingHorizontal: number; minWidth: number; }; }' is not assignable to type 'IntrinsicAttributes & ButtonProps'.
  Property 'viewStyle' does not exist on type 'IntrinsicAttributes & ButtonProps'.

[7m394[0m             viewStyle={{
[7m   [0m [91m            ~~~~~~~~~[0m

[96msrc/components_temp/ui/dialog.tsx[0m:[93m8[0m:[93m28[0m - [91merror[0m[90m TS2307: [0mCannot find module '../themed' or its corresponding type declarations.

[7m8[0m import { Text, View } from "../themed";
[7m [0m [91m                           ~~~~~~~~~~~[0m

[96msrc/features/ai-tutor/TutorChat.tsx[0m:[93m6[0m:[93m24[0m - [91merror[0m[90m TS1149: [0mFile name 'C:/Users/vedan/Dev/Gyaan_Setu/project/src/components/ui/Button.tsx' differs from already included file name 'C:/Users/vedan/Dev/Gyaan_Setu/project/src/components/ui/button.tsx' only in casing.
  The file is in the program because:
    Imported via "@/components/ui/button" from file 'C:/Users/vedan/Dev/Gyaan_Setu/project/src/components/voice-assistant.tsx'
    Imported via "@/components/ui/button" from file 'C:/Users/vedan/Dev/Gyaan_Setu/project/src/components/layouts/course-right-bar.tsx'
    Imported via "@/components/ui/button" from file 'C:/Users/vedan/Dev/Gyaan_Setu/project/src/components/lesson-item.tsx'
    Imported via "@/components/ui/button" from file 'C:/Users/vedan/Dev/Gyaan_Setu/project/src/app/(course)/learn.tsx'
    Imported via "@/components/ui/button" from file 'C:/Users/vedan/Dev/Gyaan_Setu/project/src/app/(guest)/welcome.tsx'
    Imported via "@/components/ui/button" from file 'C:/Users/vedan/Dev/Gyaan_Setu/project/src/components/exercise/items/exercise-item-event.tsx'
    Imported via "@/components/ui/button" from file 'C:/Users/vedan/Dev/Gyaan_Setu/project/src/components/exercise/screens/exercise-outro.tsx'
    Imported via "@/components/ui/button" from file 'C:/Users/vedan/Dev/Gyaan_Setu/project/src/components/exercise/screens/exercise.tsx'
    Imported via "@/components/ui/Button" from file 'C:/Users/vedan/Dev/Gyaan_Setu/project/src/features/learn/Dashboard.tsx'
    Imported via "@/components/ui/Button" from file 'C:/Users/vedan/Dev/Gyaan_Setu/project/src/features/profile/Profile.tsx'
    Imported via "@/components/ui/Button" from file 'C:/Users/vedan/Dev/Gyaan_Setu/project/src/features/ai-tutor/TutorChat.tsx'
    Matched by include pattern '**/*.tsx' in 'C:/Users/vedan/Dev/Gyaan_Setu/project/tsconfig.json'

[7m6[0m import { Button } from "@/components/ui/Button";
[7m [0m [91m                       ~~~~~~~~~~~~~~~~~~~~~~~~[0m

  [96msrc/components/voice-assistant.tsx[0m:[93m13[0m:[93m24[0m
    [7m13[0m import { Button } from "@/components/ui/button";
    [7m  [0m [96m                       ~~~~~~~~~~~~~~~~~~~~~~~~[0m
    File is included via import here.
  [96msrc/components/layouts/course-right-bar.tsx[0m:[93m5[0m:[93m24[0m
    [7m5[0m import { Button } from "@/components/ui/button";
    [7m [0m [96m                       ~~~~~~~~~~~~~~~~~~~~~~~~[0m
    File is included via import here.
  [96msrc/components/lesson-item.tsx[0m:[93m8[0m:[93m24[0m
    [7m8[0m import { Button } from "@/components/ui/button";
    [7m [0m [96m                       ~~~~~~~~~~~~~~~~~~~~~~~~[0m
    File is included via import here.
  [96msrc/app/(course)/learn.tsx[0m:[93m9[0m:[93m24[0m
    [7m9[0m import { Button } from "@/components/ui/button";
    [7m [0m [96m                       ~~~~~~~~~~~~~~~~~~~~~~~~[0m
    File is included via import here.
  [96msrc/app/(guest)/welcome.tsx[0m:[93m9[0m:[93m24[0m
    [7m9[0m import { Button } from "@/components/ui/button";
    [7m [0m [96m                       ~~~~~~~~~~~~~~~~~~~~~~~~[0m
    File is included via import here.
  [96msrc/components/exercise/items/exercise-item-event.tsx[0m:[93m3[0m:[93m24[0m
    [7m3[0m import { Button } from "@/components/ui/button";
    [7m [0m [96m                       ~~~~~~~~~~~~~~~~~~~~~~~~[0m
    File is included via import here.
  [96msrc/components/exercise/screens/exercise-outro.tsx[0m:[93m8[0m:[93m24[0m
    [7m8[0m import { Button } from "@/components/ui/button";
    [7m [0m [96m                       ~~~~~~~~~~~~~~~~~~~~~~~~[0m
    File is included via import here.
  [96msrc/components/exercise/screens/exercise.tsx[0m:[93m11[0m:[93m24[0m
    [7m11[0m import { Button } from "@/components/ui/button";
    [7m  [0m [96m                       ~~~~~~~~~~~~~~~~~~~~~~~~[0m
    File is included via import here.
  [96msrc/features/learn/Dashboard.tsx[0m:[93m5[0m:[93m24[0m
    [7m5[0m import { Button } from "@/components/ui/Button";
    [7m [0m [96m                       ~~~~~~~~~~~~~~~~~~~~~~~~[0m
    File is included via import here.
  [96msrc/features/profile/Profile.tsx[0m:[93m6[0m:[93m24[0m
    [7m6[0m import { Button } from "@/components/ui/Button";
    [7m [0m [96m                       ~~~~~~~~~~~~~~~~~~~~~~~~[0m
    File is included via import here.
  [96mtsconfig.json[0m:[93m14[0m:[93m5[0m
    [7m14[0m     "**/*.tsx",
    [7m  [0m [96m    ~~~~~~~~~~[0m
    File is matched by include pattern specified here.

[96msrc/features/ai-tutor/TutorChat.tsx[0m:[93m45[0m:[93m21[0m - [91merror[0m[90m TS2322: [0mType '{ type: "spring"; }' is not assignable to type 'MotiTransitionProp<StyleValueWithReplacedTransforms<TextStyle | ViewStyle | ImageStyle>> | undefined'.
  Type '{ type: "spring"; }' is not assignable to type '({ type?: "spring" | undefined; } & { mass?: number | undefined; overshootClamping?: boolean | undefined; energyThreshold?: number | undefined; velocity?: number | undefined; reduceMotion?: ReduceMotion | undefined; } & { ...; } & { ...; } & { ...; } & Partial<...>) | ({ ...; } & ... 4 more ... & Partial<...>)'.
    Type '{ type: "spring"; }' is not assignable to type '{ type?: "spring" | undefined; } & { mass?: number | undefined; overshootClamping?: boolean | undefined; energyThreshold?: number | undefined; velocity?: number | undefined; reduceMotion?: ReduceMotion | undefined; } & { ...; } & { ...; } & { ...; } & Partial<...>'.
      Type '{ type: "spring"; }' is not assignable to type 'Partial<Record<string | number | symbol, TransitionConfig>>'.
        Property 'type' is incompatible with index signature.
          Type '"spring"' is not assignable to type 'TransitionConfig | undefined'.

[7m45[0m                     transition={{ type: "spring" }}
[7m  [0m [91m                    ~~~~~~~~~~[0m

  [96mnode_modules/moti/build/core/types.d.ts[0m:[93m238[0m:[93m5[0m
    [7m238[0m     transition?: MotiTransitionProp<AnimateWithTransforms>;
    [7m   [0m [96m    ~~~~~~~~~~[0m
    The expected type comes from property 'transition' which is declared here on type 'IntrinsicAttributes & ViewProps & { animatedProps?: Partial<ViewProps> | undefined; layout?: BaseAnimationBuilder | LayoutAnimationFunction | typeof BaseAnimationBuilder | undefined; entering?: BaseAnimationBuilder | ... 3 more ... | undefined; exiting?: BaseAnimationBuilder | ... 3 more ... | undefined; } & MotiPro...'

[96msrc/features/learn/Dashboard.tsx[0m:[93m5[0m:[93m24[0m - [91merror[0m[90m TS1149: [0mFile name 'C:/Users/vedan/Dev/Gyaan_Setu/project/src/components/ui/Button.tsx' differs from already included file name 'C:/Users/vedan/Dev/Gyaan_Setu/project/src/components/ui/button.tsx' only in casing.
  The file is in the program because:
    Imported via "@/components/ui/button" from file 'C:/Users/vedan/Dev/Gyaan_Setu/project/src/components/voice-assistant.tsx'
    Imported via "@/components/ui/button" from file 'C:/Users/vedan/Dev/Gyaan_Setu/project/src/components/layouts/course-right-bar.tsx'
    Imported via "@/components/ui/button" from file 'C:/Users/vedan/Dev/Gyaan_Setu/project/src/components/lesson-item.tsx'
    Imported via "@/components/ui/button" from file 'C:/Users/vedan/Dev/Gyaan_Setu/project/src/app/(course)/learn.tsx'
    Imported via "@/components/ui/button" from file 'C:/Users/vedan/Dev/Gyaan_Setu/project/src/app/(guest)/welcome.tsx'
    Imported via "@/components/ui/button" from file 'C:/Users/vedan/Dev/Gyaan_Setu/project/src/components/exercise/items/exercise-item-event.tsx'
    Imported via "@/components/ui/button" from file 'C:/Users/vedan/Dev/Gyaan_Setu/project/src/components/exercise/screens/exercise-outro.tsx'
    Imported via "@/components/ui/button" from file 'C:/Users/vedan/Dev/Gyaan_Setu/project/src/components/exercise/screens/exercise.tsx'
    Imported via "@/components/ui/Button" from file 'C:/Users/vedan/Dev/Gyaan_Setu/project/src/features/learn/Dashboard.tsx'
    Imported via "@/components/ui/Button" from file 'C:/Users/vedan/Dev/Gyaan_Setu/project/src/features/profile/Profile.tsx'
    Imported via "@/components/ui/Button" from file 'C:/Users/vedan/Dev/Gyaan_Setu/project/src/features/ai-tutor/TutorChat.tsx'
    Matched by include pattern '**/*.tsx' in 'C:/Users/vedan/Dev/Gyaan_Setu/project/tsconfig.json'

[7m5[0m import { Button } from "@/components/ui/Button";
[7m [0m [91m                       ~~~~~~~~~~~~~~~~~~~~~~~~[0m

  [96msrc/components/voice-assistant.tsx[0m:[93m13[0m:[93m24[0m
    [7m13[0m import { Button } from "@/components/ui/button";
    [7m  [0m [96m                       ~~~~~~~~~~~~~~~~~~~~~~~~[0m
    File is included via import here.
  [96msrc/components/layouts/course-right-bar.tsx[0m:[93m5[0m:[93m24[0m
    [7m5[0m import { Button } from "@/components/ui/button";
    [7m [0m [96m                       ~~~~~~~~~~~~~~~~~~~~~~~~[0m
    File is included via import here.
  [96msrc/components/lesson-item.tsx[0m:[93m8[0m:[93m24[0m
    [7m8[0m import { Button } from "@/components/ui/button";
    [7m [0m [96m                       ~~~~~~~~~~~~~~~~~~~~~~~~[0m
    File is included via import here.
  [96msrc/app/(course)/learn.tsx[0m:[93m9[0m:[93m24[0m
    [7m9[0m import { Button } from "@/components/ui/button";
    [7m [0m [96m                       ~~~~~~~~~~~~~~~~~~~~~~~~[0m
    File is included via import here.
  [96msrc/app/(guest)/welcome.tsx[0m:[93m9[0m:[93m24[0m
    [7m9[0m import { Button } from "@/components/ui/button";
    [7m [0m [96m                       ~~~~~~~~~~~~~~~~~~~~~~~~[0m
    File is included via import here.
  [96msrc/components/exercise/items/exercise-item-event.tsx[0m:[93m3[0m:[93m24[0m
    [7m3[0m import { Button } from "@/components/ui/button";
    [7m [0m [96m                       ~~~~~~~~~~~~~~~~~~~~~~~~[0m
    File is included via import here.
  [96msrc/components/exercise/screens/exercise-outro.tsx[0m:[93m8[0m:[93m24[0m
    [7m8[0m import { Button } from "@/components/ui/button";
    [7m [0m [96m                       ~~~~~~~~~~~~~~~~~~~~~~~~[0m
    File is included via import here.
  [96msrc/components/exercise/screens/exercise.tsx[0m:[93m11[0m:[93m24[0m
    [7m11[0m import { Button } from "@/components/ui/button";
    [7m  [0m [96m                       ~~~~~~~~~~~~~~~~~~~~~~~~[0m
    File is included via import here.
  [96msrc/features/profile/Profile.tsx[0m:[93m6[0m:[93m24[0m
    [7m6[0m import { Button } from "@/components/ui/Button";
    [7m [0m [96m                       ~~~~~~~~~~~~~~~~~~~~~~~~[0m
    File is included via import here.
  [96msrc/features/ai-tutor/TutorChat.tsx[0m:[93m6[0m:[93m24[0m
    [7m6[0m import { Button } from "@/components/ui/Button";
    [7m [0m [96m                       ~~~~~~~~~~~~~~~~~~~~~~~~[0m
    File is included via import here.
  [96mtsconfig.json[0m:[93m14[0m:[93m5[0m
    [7m14[0m     "**/*.tsx",
    [7m  [0m [96m    ~~~~~~~~~~[0m
    File is matched by include pattern specified here.

[96msrc/features/profile/Profile.tsx[0m:[93m6[0m:[93m24[0m - [91merror[0m[90m TS1149: [0mFile name 'C:/Users/vedan/Dev/Gyaan_Setu/project/src/components/ui/Button.tsx' differs from already included file name 'C:/Users/vedan/Dev/Gyaan_Setu/project/src/components/ui/button.tsx' only in casing.
  The file is in the program because:
    Imported via "@/components/ui/button" from file 'C:/Users/vedan/Dev/Gyaan_Setu/project/src/components/voice-assistant.tsx'
    Imported via "@/components/ui/button" from file 'C:/Users/vedan/Dev/Gyaan_Setu/project/src/components/layouts/course-right-bar.tsx'
    Imported via "@/components/ui/button" from file 'C:/Users/vedan/Dev/Gyaan_Setu/project/src/components/lesson-item.tsx'
    Imported via "@/components/ui/button" from file 'C:/Users/vedan/Dev/Gyaan_Setu/project/src/app/(course)/learn.tsx'
    Imported via "@/components/ui/button" from file 'C:/Users/vedan/Dev/Gyaan_Setu/project/src/app/(guest)/welcome.tsx'
    Imported via "@/components/ui/button" from file 'C:/Users/vedan/Dev/Gyaan_Setu/project/src/components/exercise/items/exercise-item-event.tsx'
    Imported via "@/components/ui/button" from file 'C:/Users/vedan/Dev/Gyaan_Setu/project/src/components/exercise/screens/exercise-outro.tsx'
    Imported via "@/components/ui/button" from file 'C:/Users/vedan/Dev/Gyaan_Setu/project/src/components/exercise/screens/exercise.tsx'
    Imported via "@/components/ui/Button" from file 'C:/Users/vedan/Dev/Gyaan_Setu/project/src/features/learn/Dashboard.tsx'
    Imported via "@/components/ui/Button" from file 'C:/Users/vedan/Dev/Gyaan_Setu/project/src/features/profile/Profile.tsx'
    Imported via "@/components/ui/Button" from file 'C:/Users/vedan/Dev/Gyaan_Setu/project/src/features/ai-tutor/TutorChat.tsx'
    Matched by include pattern '**/*.tsx' in 'C:/Users/vedan/Dev/Gyaan_Setu/project/tsconfig.json'

[7m6[0m import { Button } from "@/components/ui/Button";
[7m [0m [91m                       ~~~~~~~~~~~~~~~~~~~~~~~~[0m

  [96msrc/components/voice-assistant.tsx[0m:[93m13[0m:[93m24[0m
    [7m13[0m import { Button } from "@/components/ui/button";
    [7m  [0m [96m                       ~~~~~~~~~~~~~~~~~~~~~~~~[0m
    File is included via import here.
  [96msrc/components/layouts/course-right-bar.tsx[0m:[93m5[0m:[93m24[0m
    [7m5[0m import { Button } from "@/components/ui/button";
    [7m [0m [96m                       ~~~~~~~~~~~~~~~~~~~~~~~~[0m
    File is included via import here.
  [96msrc/components/lesson-item.tsx[0m:[93m8[0m:[93m24[0m
    [7m8[0m import { Button } from "@/components/ui/button";
    [7m [0m [96m                       ~~~~~~~~~~~~~~~~~~~~~~~~[0m
    File is included via import here.
  [96msrc/app/(course)/learn.tsx[0m:[93m9[0m:[93m24[0m
    [7m9[0m import { Button } from "@/components/ui/button";
    [7m [0m [96m                       ~~~~~~~~~~~~~~~~~~~~~~~~[0m
    File is included via import here.
  [96msrc/app/(guest)/welcome.tsx[0m:[93m9[0m:[93m24[0m
    [7m9[0m import { Button } from "@/components/ui/button";
    [7m [0m [96m                       ~~~~~~~~~~~~~~~~~~~~~~~~[0m
    File is included via import here.
  [96msrc/components/exercise/items/exercise-item-event.tsx[0m:[93m3[0m:[93m24[0m
    [7m3[0m import { Button } from "@/components/ui/button";
    [7m [0m [96m                       ~~~~~~~~~~~~~~~~~~~~~~~~[0m
    File is included via import here.
  [96msrc/components/exercise/screens/exercise-outro.tsx[0m:[93m8[0m:[93m24[0m
    [7m8[0m import { Button } from "@/components/ui/button";
    [7m [0m [96m                       ~~~~~~~~~~~~~~~~~~~~~~~~[0m
    File is included via import here.
  [96msrc/components/exercise/screens/exercise.tsx[0m:[93m11[0m:[93m24[0m
    [7m11[0m import { Button } from "@/components/ui/button";
    [7m  [0m [96m                       ~~~~~~~~~~~~~~~~~~~~~~~~[0m
    File is included via import here.
  [96msrc/features/learn/Dashboard.tsx[0m:[93m5[0m:[93m24[0m
    [7m5[0m import { Button } from "@/components/ui/Button";
    [7m [0m [96m                       ~~~~~~~~~~~~~~~~~~~~~~~~[0m
    File is included via import here.
  [96msrc/features/ai-tutor/TutorChat.tsx[0m:[93m6[0m:[93m24[0m
    [7m6[0m import { Button } from "@/components/ui/Button";
    [7m [0m [96m                       ~~~~~~~~~~~~~~~~~~~~~~~~[0m
    File is included via import here.
  [96mtsconfig.json[0m:[93m14[0m:[93m5[0m
    [7m14[0m     "**/*.tsx",
    [7m  [0m [96m    ~~~~~~~~~~[0m
    File is matched by include pattern specified here.


Found 16 errors in 11 files.

Errors  Files
     1  src/app/(course)/learn.tsx[90m:83[0m
     2  src/app/(guest)/welcome.tsx[90m:83[0m
     1  src/components/exercise/items/exercise-item-event.tsx[90m:115[0m
     1  src/components/exercise/screens/exercise.tsx[90m:12[0m
     2  src/components/layouts/course-right-bar.tsx[90m:113[0m
     1  src/components/ui/Card.tsx[90m:46[0m
     3  src/components/voice-assistant.tsx[90m:13[0m
     1  src/components_temp/ui/dialog.tsx[90m:8[0m
     2  src/features/ai-tutor/TutorChat.tsx[90m:6[0m
     1  src/features/learn/Dashboard.tsx[90m:5[0m
     1  src/features/profile/Profile.tsx[90m:6[0m
